| Change   | Before    | After      |   Ratio | Benchmark (Parameter)                                                                                 |
|----------|-----------|------------|---------|-------------------------------------------------------------------------------------------------------|
| -        | 94.8±30μs | 28.4±0.2μs |     0.3 | benchmarks.TimeSuite.time_add_arr [rgx1gen11/conda-py3.11-numpy -> rgx1gen11/virtualenv-py3.12-numpy] |
