{
  "emails": [
    "user1@example.com",
    "user2@example.com",
    "admin@example.com"
  ],
  "dates": [
    "2023-01-01",
    "2023-01-02",
    "2023-01-03"
  ],
  "uuids": [
    "550e8400-e29b-41d4-a716-446655440000",
    "6ba7b810-9dad-11d1-80b4-00c04fd430c8"
  ]
}