{
  "birth_date": "1990-01-15",
  "registration_date": "2023-12-01"
}