{
  "$schema": "https://json-schema.org/draft/2020-12/schema",
  "type": "object",
  "properties": {
    "birth_date": {
      "type": "string",
      "format": "date"
    },
    "registration_date": {
      "type": "string",
      "format": "date"
    }
  },
  "required": [
    "birth_date",
    "registration_date"
  ]
}