{
  "created_at": "2023-01-01T12:00:00Z",
  "updated_at": "2023-12-01T15:30:45.123Z"
}