{
  "user_email": "test@example.com",
  "admin_email": "admin@domain.org"
}