{
  "обязательная": "строка",
  "необязательная": null,
  "словарь": {
    "ключ": "значение",
    "число": 123
  }
}