{
  "server_ip": "192.168.1.1",
  "gateway": "10.0.0.1"
}