{
  "id": "550e8400-e29b-41d4-a716-446655440000",
  "email": "user@example.com",
  "created_at": "2023-01-01T12:00:00Z",
  "birth_date": "1990-01-15",
  "website": "https://example.com",
  "ip_address": "192.168.1.100"
}