{
  "name": "John Doe",
  "description": "This is a regular text string",
  "status": "active"
}