{
  "$schema": "https://json-schema.org/draft/2020-12/schema",
  "type": "object",
  "properties": {
    "name": {
      "type": "string"
    },
    "description": {
      "type": "string"
    },
    "status": {
      "type": "string"
    }
  },
  "required": [
    "description",
    "name",
    "status"
  ]
}