{
  "обязательная": "строка",
  "необязательная": null,
  "словарь": {
    "ключ": "значение",
    "число": 123,
    "булево": true,
    "список": [
      1,
      2,
      3
    ],
    "вложенный_словарь": {
      "пустое": null
    },
    "пустой_словарь": {},
    "пустой_список": [],
    "пустое_значение": "",
    "пустое_число": 0,
    "дополнительное_поле": "для обновления"
  },
  "сложная_структура": [
    {
      "id": 1,
      "имя": "Иван",
      "почта": "ivan@example.com",
      "возраст": 25,
      "дата": "2023-01-01T12:00:00Z",
      "вложенный_объект": {
        "ключ": "значение"
      }
    },
    {
      "id": 2,
      "имя": [
        "Мария",
        "Анна"
      ],
      "возраст": 30.5,
      "вложенный_объект": {
        "ключ": "значение",
        "лишний_ключ": null
      }
    }
  ],
  "разнотипный_массив": [
    null,
    "строка",
    {
      "ключ": "значение"
    }
  ]
}