{
  "website": "https://example.com",
  "api_endpoint": "http://api.example.com/v1/users"
}